[48;2;26;26;46m [m[1;38;2;255;215;0;48;2;26;26;46m🌙 MOONBASE › Operations Manual                                                       12:00:00  [m[48;2;26;26;46m [m[48;2;26;26;46m  [m
                                                                                                    
  ◆ NAVIGATION                          ◆ MISSIONS                                                  
  ─────────────────────                 ─────────────────────                                       
  [1;38;2;228;228;231m↑/k[m [38;2;126;200;227mup[m                                [1;38;2;228;228;231mm[m [38;2;126;200;227mnew mission[m                                               
  [1;38;2;228;228;231m↓/j[m [38;2;126;200;227mdown[m                              [1;38;2;228;228;231mn[m [38;2;126;200;227mnext phase[m                                                
  [1;38;2;228;228;231menter[m [38;2;126;200;227mopen / deploy[m                   [1;38;2;228;228;231mr[m [38;2;126;200;227mretry phase[m                                               
  [1;38;2;228;228;231mesc[m [38;2;126;200;227mback / close[m                      [1;38;2;228;228;231ms[m [38;2;126;200;227mskip phase[m                                                
  [1;38;2;228;228;231mtab[m [38;2;126;200;227mcycle panel focus[m                 [1;38;2;228;228;231mH[m [38;2;126;200;227mmission history[m                                           
  [1;38;2;228;228;231m/[m [38;2;126;200;227msearch operatives[m                                                                               
  [1;38;2;228;228;231m0-9[m [38;2;126;200;227mjump to operative[m                                                                             
                                                                                                    
  ◆ VIEWS                               ◆ TOOLS                                                     
  ─────────────────────                 ─────────────────────                                       
  [1;38;2;228;228;231m?[m [38;2;126;200;227moperations manual[m                   [1;38;2;228;228;231mi[m [38;2;126;200;227mtools / install[m                                           
  [1;38;2;228;228;231mF1[m [38;2;126;200;227mprotocol view[m                      [1;38;2;228;228;231mL[m [38;2;126;200;227mlazygit[m                                                   
  [1;38;2;228;228;231mp[m [38;2;126;200;227mproject navigator[m                   [1;38;2;228;228;231mB[m [38;2;126;200;227mbtop[m                                                      
  [1;38;2;228;228;231mW[m [38;2;126;200;227mdocument viewer[m                     [1;38;2;228;228;231mV[m [38;2;126;200;227mnvim[m                                                      
  [1;38;2;228;228;231mC[m [38;2;126;200;227mopen COMMS[m                          [1;38;2;228;228;231mM[m [38;2;126;200;227mcmux/tmux[m                                                 
  [1;38;2;228;228;231mT[m [38;2;126;200;227mcycle theme[m                         [1;38;2;228;228;231mF[m [38;2;126;200;227mfish shell[m                                                
                                                                                                    
  ◆ COMMS                               ◆ SYSTEM                                                    
  ─────────────────────                 ─────────────────────                                       
  [1;38;2;228;228;231menter[m [38;2;126;200;227msend message[m                    [1;38;2;228;228;231mq[m [38;2;126;200;227mdisconnect[m                                                
  [1;38;2;228;228;231mctrl+f[m [38;2;126;200;227mattach file[m                    [1;38;2;228;228;231md[m [38;2;126;200;227mgit diff[m                                                  
  [1;38;2;228;228;231mctrl+s[m [38;2;126;200;227msnippet picker[m                 [1;38;2;228;228;231mg[m [38;2;126;200;227mgit status[m                                                
                                        [1;38;2;228;228;231mw[m [38;2;126;200;227mtoggle file watcher[m                                       
                                        [1;38;2;228;228;231mP[m [38;2;126;200;227mcreate PR[m                                                 
[38;2;126;200;227m[m                                                                                                    
[38;2;126;200;227m  ◆ THE KND WAY[m                                                                                     
[38;2;126;200;227m  ──────────────────────[m                                                                            
[38;2;126;200;227m  Sector V = core pipeline.  Specialists = cross-cutting.[m                                           
[38;2;126;200;227m  Council = full lifecycle.  "We fight for kids everywhere."[m                                        
                                                                                                    
[48;2;26;26;46m [m[38;2;156;163;175;48;2;26;26;46m  [1;38;2;228;228;231mesc[m [38;2;156;163;175mback / close[m                                                                      ▲ 00:00:00[m[48;2;26;26;46m [m