[48;2;26;26;46m [0m[1;38;2;255;215;0;48;2;26;26;46m🌙 MOONBASE › Operations Manual                                                       12:00:00  [0m[48;2;26;26;46m [0m[48;2;26;26;46m  [0m
                                                                                                    
  ◆ NAVIGATION                          ◆ MISSIONS                                                  
  ─────────────────────                 ─────────────────────                                       
  [1;38;2;227;227;231m↑/k[0m [38;2;126;200;227mup[0m                                [1;38;2;227;227;231mm[0m [38;2;126;200;227mnew mission[0m                                               
  [1;38;2;227;227;231m↓/j[0m [38;2;126;200;227mdown[0m                              [1;38;2;227;227;231mn[0m [38;2;126;200;227mnext phase[0m                                                
  [1;38;2;227;227;231menter[0m [38;2;126;200;227mopen / deploy[0m                   [1;38;2;227;227;231mr[0m [38;2;126;200;227mretry phase[0m                                               
  [1;38;2;227;227;231mesc[0m [38;2;126;200;227mback / close[0m                      [1;38;2;227;227;231ms[0m [38;2;126;200;227mskip phase[0m                                                
  [1;38;2;227;227;231mtab[0m [38;2;126;200;227mcycle panel focus[0m                 [1;38;2;227;227;231mH[0m [38;2;126;200;227mmission history[0m                                           
  [1;38;2;227;227;231m/[0m [38;2;126;200;227msearch operatives[0m                                                                               
  [1;38;2;227;227;231m0-9[0m [38;2;126;200;227mjump to operative[0m                                                                             
                                                                                                    
  ◆ VIEWS                               ◆ TOOLS                                                     
  ─────────────────────                 ─────────────────────                                       
  [1;38;2;227;227;231m?[0m [38;2;126;200;227moperations manual[0m                   [1;38;2;227;227;231mL[0m [38;2;126;200;227mlazygit[0m                                                   
  [1;38;2;227;227;231mF1[0m [38;2;126;200;227mprotocol view[0m                      [1;38;2;227;227;231mB[0m [38;2;126;200;227mbtop[0m                                                      
  [1;38;2;227;227;231mp[0m [38;2;126;200;227mproject navigator[0m                   [1;38;2;227;227;231mV[0m [38;2;126;200;227mnvim[0m                                                      
  [1;38;2;227;227;231mW[0m [38;2;126;200;227mdocument viewer[0m                     [1;38;2;227;227;231mM[0m [38;2;126;200;227mcmux/tmux[0m                                                 
  [1;38;2;227;227;231mC[0m [38;2;126;200;227mopen COMMS[0m                          [1;38;2;227;227;231mF[0m [38;2;126;200;227mfish shell[0m                                                
  [1;38;2;227;227;231mT[0m [38;2;126;200;227mcycle theme[0m                                                                                     
                                                                                                    
  ◆ COMMS                               ◆ SYSTEM                                                    
  ─────────────────────                 ─────────────────────                                       
  [1;38;2;227;227;231menter[0m [38;2;126;200;227msend message[0m                    [1;38;2;227;227;231mq[0m [38;2;126;200;227mdisconnect[0m                                                
  [1;38;2;227;227;231mctrl+f[0m [38;2;126;200;227mattach file[0m                    [1;38;2;227;227;231md[0m [38;2;126;200;227mgit diff[0m                                                  
  [1;38;2;227;227;231mctrl+s[0m [38;2;126;200;227msnippet picker[0m                 [1;38;2;227;227;231mg[0m [38;2;126;200;227mgit status[0m                                                
                                        [1;38;2;227;227;231mw[0m [38;2;126;200;227mtoggle file watcher[0m                                       
                                        [1;38;2;227;227;231mP[0m [38;2;126;200;227mcreate PR[0m                                                 
[38;2;126;200;227m[0m                                                                                                    
[38;2;126;200;227m  ◆ THE KND WAY[0m                                                                                     
[38;2;126;200;227m  ──────────────────────[0m                                                                            
[38;2;126;200;227m  Sector V = core pipeline.  Specialists = cross-cutting.[0m                                           
[38;2;126;200;227m  Council = full lifecycle.  "We fight for kids everywhere."[0m                                        
                                                                                                    
[48;2;26;26;46m [0m[38;2;156;163;175;48;2;26;26;46m  [1;38;2;227;227;231mesc[0m [38;2;156;163;175mback / close[0m                                                                      ▲ 00:00:00[0m[48;2;26;26;46m [0m