[48;2;26;26;46m [0m[1;38;2;255;215;0;48;2;26;26;46m🌙 MOONBASE › Pipeline                                                                12:00:00  [0m[48;2;26;26;46m [0m[48;2;26;26;46m  [0m 
                        [38;2;107;113;128m│[0m  [1;38;2;255;215;0m━━━ MISSION: add pagination to /users API ━━━[0m                             
[1;38;2;255;215;0m◆ PIPELINE[0m              [38;2;107;113;128m│[0m                                                                            
[38;2;107;113;128m──────────────[0m          [38;2;107;113;128m│[0m  [1;38;2;255;215;0m━━━ Phase 1: Analysis ━━━[0m                                                 
                        [38;2;107;113;128m│[0m  [38;2;156;163;175m│ [0m                                                                        
[38;2;107;113;128m trace: abc123def456[0m    [38;2;107;113;128m│[0m  [38;2;156;163;175m│ [0m  Requirements gathered. 3 ACs defined.                                 
                        [38;2;107;113;128m│[0m  [38;2;156;163;175m│ [0m                                                                        
[38;2;126;200;227m Phase 2/5[0m              [38;2;107;113;128m│[0m  [38;2;156;163;175m│ [0m                                                                        
                        [38;2;107;113;128m│[0m  [38;2;89;247;142m└── ✅ Analysis complete (3.0s)[0m                                           
[38;2;89;247;142m ✅ 1. Analysis (3.0s)[0m  [38;2;107;113;128m│[0m  [1;38;2;255;215;0m━━━ Phase 2: Architecture ━━━[0m                                             
[38;2;89;247;142m ✅ 2. Architecture[m     [38;2;107;113;128m│[0m  [38;2;156;163;175m│ [0m                                                                        
[38;2;89;247;142m(2.0s)[0m                  [38;2;107;113;128m│[0m  [38;2;156;163;175m│ [0m  Blueprint ready. 2 files impacted.                                    
[38;2;107;113;128m ⏳ 3. Implementation[0m   [38;2;107;113;128m│[0m  [38;2;156;163;175m│ [0m                                                                        
[38;2;107;113;128m ⏳ 4. QA[0m               [38;2;107;113;128m│[0m  [38;2;156;163;175m│ [0m                                                                        
[38;2;107;113;128m ⏳ 5. Review[0m           [38;2;107;113;128m│[0m  [38;2;89;247;142m└── ✅ Architecture complete (2.0s)[0m                                       
[38;2;107;113;128m ⏳ 6. Oversight ⚡[0m     [38;2;107;113;128m│[0m                                                                            
[38;2;107;113;128m ⏳ 7. Security ⚡[0m      [38;2;107;113;128m│[0m                                                                            
[38;2;107;113;128m ⏳ 8. Deploy Prep ⚡[0m   [38;2;107;113;128m│[0m                                                                            
                        [38;2;107;113;128m│[0m                                                                            
                        [38;2;107;113;128m│[0m                                                                            
[48;2;26;26;46m [0m[38;2;156;163;175;48;2;26;26;46m  [1;38;2;227;227;231mn[0m [38;2;156;163;175mnext phase[0m[38;2;107;113;128m • [0m[1;38;2;227;227;231mr[0m [38;2;156;163;175mretry phase[0m[38;2;107;113;128m • [0m[1;38;2;227;227;231ms[0m [38;2;156;163;175mskip phase[0m[38;2;107;113;128m • [0m[1;38;2;227;227;231mesc[0m [38;2;156;163;175mback / close[0m                        ▲ 00:00:00[0m[48;2;26;26;46m [0m 